  Determining projects to restore...
C:\Users\erzaq\OneDrive\Desktop\BlinkBite\backend\FoodDeliveryyy\FoodDeliveryyy\FoodDeliveryyy.csproj : warning NU1510: PackageReference Microsoft.Extensions.Http will not be pruned. Consider removing this package from your dependencies, as it is likely unnecessary.
C:\Users\erzaq\OneDrive\Desktop\BlinkBite\backend\FoodDeliveryyy\FoodDeliveryyy\FoodDeliveryyy.csproj : warning NU1510: PackageReference Microsoft.AspNetCore.SignalR will not be pruned. Consider removing this package from your dependencies, as it is likely unnecessary.
C:\Users\erzaq\OneDrive\Desktop\BlinkBite\backend\FoodDeliveryyy\FoodDeliveryyy\FoodDeliveryyy.csproj : warning NU1510: PackageReference System.Text.Json will not be pruned. Consider removing this package from your dependencies, as it is likely unnecessary.
C:\Users\erzaq\OneDrive\Desktop\BlinkBite\backend\FoodDeliveryyy\FoodDeliveryyy\FoodDeliveryyy.csproj : warning NU1608: Detected package version outside of dependency constraint: AutoMapper.Extensions.Microsoft.DependencyInjection 12.0.1 requires AutoMapper (= 12.0.1) but version AutoMapper 16.1.1 was resolved.
  All projects are up-to-date for restore.
C:\Users\erzaq\OneDrive\Desktop\BlinkBite\backend\FoodDeliveryyy\FoodDeliveryyy\FoodDeliveryyy.csproj : warning NU1510: PackageReference Microsoft.AspNetCore.SignalR will not be pruned. Consider removing this package from your dependencies, as it is likely unnecessary.
C:\Users\erzaq\OneDrive\Desktop\BlinkBite\backend\FoodDeliveryyy\FoodDeliveryyy\FoodDeliveryyy.csproj : warning NU1510: PackageReference Microsoft.Extensions.Http will not be pruned. Consider removing this package from your dependencies, as it is likely unnecessary.
C:\Users\erzaq\OneDrive\Desktop\BlinkBite\backend\FoodDeliveryyy\FoodDeliveryyy\FoodDeliveryyy.csproj : warning NU1510: PackageReference System.Text.Json will not be pruned. Consider removing this package from your dependencies, as it is likely unnecessary.
C:\Users\erzaq\OneDrive\Desktop\BlinkBite\backend\FoodDeliveryyy\FoodDeliveryyy\FoodDeliveryyy.csproj : warning NU1608: Detected package version outside of dependency constraint: AutoMapper.Extensions.Microsoft.DependencyInjection 12.0.1 requires AutoMapper (= 12.0.1) but version AutoMapper 16.1.1 was resolved.
C:\Program Files\dotnet\sdk\10.0.201\Microsoft.Common.CurrentVersion.targets(5395,5): warning MSB3026: Could not copy "C:\Users\erzaq\OneDrive\Desktop\BlinkBite\backend\FoodDeliveryyy\FoodDeliveryyy\obj\Debug\net10.0\apphost.exe" to "bin\Debug\net10.0\FoodDeliveryyy.exe". Beginning retry 1 in 1000ms. The process cannot access the file 'C:\Users\erzaq\OneDrive\Desktop\BlinkBite\backend\FoodDeliveryyy\FoodDeliveryyy\bin\Debug\net10.0\FoodDeliveryyy.exe' because it is being used by another process. The file is locked by: "FoodDeliveryyy (44224)" [C:\Users\erzaq\OneDrive\Desktop\BlinkBite\backend\FoodDeliveryyy\FoodDeliveryyy\FoodDeliveryyy.csproj]
C:\Program Files\dotnet\sdk\10.0.201\Microsoft.Common.CurrentVersion.targets(5395,5): warning MSB3026: Could not copy "C:\Users\erzaq\OneDrive\Desktop\BlinkBite\backend\FoodDeliveryyy\FoodDeliveryyy\obj\Debug\net10.0\apphost.exe" to "bin\Debug\net10.0\FoodDeliveryyy.exe". Beginning retry 2 in 1000ms. The process cannot access the file 'C:\Users\erzaq\OneDrive\Desktop\BlinkBite\backend\FoodDeliveryyy\FoodDeliveryyy\bin\Debug\net10.0\FoodDeliveryyy.exe' because it is being used by another process. The file is locked by: "FoodDeliveryyy (44224)" [C:\Users\erzaq\OneDrive\Desktop\BlinkBite\backend\FoodDeliveryyy\FoodDeliveryyy\FoodDeliveryyy.csproj]
C:\Program Files\dotnet\sdk\10.0.201\Microsoft.Common.CurrentVersion.targets(5395,5): warning MSB3026: Could not copy "C:\Users\erzaq\OneDrive\Desktop\BlinkBite\backend\FoodDeliveryyy\FoodDeliveryyy\obj\Debug\net10.0\apphost.exe" to "bin\Debug\net10.0\FoodDeliveryyy.exe". Beginning retry 3 in 1000ms. The process cannot access the file 'C:\Users\erzaq\OneDrive\Desktop\BlinkBite\backend\FoodDeliveryyy\FoodDeliveryyy\bin\Debug\net10.0\FoodDeliveryyy.exe' because it is being used by another process. The file is locked by: "FoodDeliveryyy (44224)" [C:\Users\erzaq\OneDrive\Desktop\BlinkBite\backend\FoodDeliveryyy\FoodDeliveryyy\FoodDeliveryyy.csproj]
C:\Program Files\dotnet\sdk\10.0.201\Microsoft.Common.CurrentVersion.targets(5395,5): warning MSB3026: Could not copy "C:\Users\erzaq\OneDrive\Desktop\BlinkBite\backend\FoodDeliveryyy\FoodDeliveryyy\obj\Debug\net10.0\apphost.exe" to "bin\Debug\net10.0\FoodDeliveryyy.exe". Beginning retry 4 in 1000ms. The process cannot access the file 'C:\Users\erzaq\OneDrive\Desktop\BlinkBite\backend\FoodDeliveryyy\FoodDeliveryyy\bin\Debug\net10.0\FoodDeliveryyy.exe' because it is being used by another process. The file is locked by: "FoodDeliveryyy (44224)" [C:\Users\erzaq\OneDrive\Desktop\BlinkBite\backend\FoodDeliveryyy\FoodDeliveryyy\FoodDeliveryyy.csproj]
C:\Program Files\dotnet\sdk\10.0.201\Microsoft.Common.CurrentVersion.targets(5395,5): warning MSB3026: Could not copy "C:\Users\erzaq\OneDrive\Desktop\BlinkBite\backend\FoodDeliveryyy\FoodDeliveryyy\obj\Debug\net10.0\apphost.exe" to "bin\Debug\net10.0\FoodDeliveryyy.exe". Beginning retry 5 in 1000ms. The process cannot access the file 'C:\Users\erzaq\OneDrive\Desktop\BlinkBite\backend\FoodDeliveryyy\FoodDeliveryyy\bin\Debug\net10.0\FoodDeliveryyy.exe' because it is being used by another process. The file is locked by: "FoodDeliveryyy (44224)" [C:\Users\erzaq\OneDrive\Desktop\BlinkBite\backend\FoodDeliveryyy\FoodDeliveryyy\FoodDeliveryyy.csproj]
C:\Program Files\dotnet\sdk\10.0.201\Microsoft.Common.CurrentVersion.targets(5395,5): warning MSB3026: Could not copy "C:\Users\erzaq\OneDrive\Desktop\BlinkBite\backend\FoodDeliveryyy\FoodDeliveryyy\obj\Debug\net10.0\apphost.exe" to "bin\Debug\net10.0\FoodDeliveryyy.exe". Beginning retry 6 in 1000ms. The process cannot access the file 'C:\Users\erzaq\OneDrive\Desktop\BlinkBite\backend\FoodDeliveryyy\FoodDeliveryyy\bin\Debug\net10.0\FoodDeliveryyy.exe' because it is being used by another process. The file is locked by: "FoodDeliveryyy (44224)" [C:\Users\erzaq\OneDrive\Desktop\BlinkBite\backend\FoodDeliveryyy\FoodDeliveryyy\FoodDeliveryyy.csproj]
C:\Program Files\dotnet\sdk\10.0.201\Microsoft.Common.CurrentVersion.targets(5395,5): warning MSB3026: Could not copy "C:\Users\erzaq\OneDrive\Desktop\BlinkBite\backend\FoodDeliveryyy\FoodDeliveryyy\obj\Debug\net10.0\apphost.exe" to "bin\Debug\net10.0\FoodDeliveryyy.exe". Beginning retry 7 in 1000ms. The process cannot access the file 'C:\Users\erzaq\OneDrive\Desktop\BlinkBite\backend\FoodDeliveryyy\FoodDeliveryyy\bin\Debug\net10.0\FoodDeliveryyy.exe' because it is being used by another process. The file is locked by: "FoodDeliveryyy (44224)" [C:\Users\erzaq\OneDrive\Desktop\BlinkBite\backend\FoodDeliveryyy\FoodDeliveryyy\FoodDeliveryyy.csproj]
C:\Program Files\dotnet\sdk\10.0.201\Microsoft.Common.CurrentVersion.targets(5395,5): warning MSB3026: Could not copy "C:\Users\erzaq\OneDrive\Desktop\BlinkBite\backend\FoodDeliveryyy\FoodDeliveryyy\obj\Debug\net10.0\apphost.exe" to "bin\Debug\net10.0\FoodDeliveryyy.exe". Beginning retry 8 in 1000ms. The process cannot access the file 'C:\Users\erzaq\OneDrive\Desktop\BlinkBite\backend\FoodDeliveryyy\FoodDeliveryyy\bin\Debug\net10.0\FoodDeliveryyy.exe' because it is being used by another process. The file is locked by: "FoodDeliveryyy (44224)" [C:\Users\erzaq\OneDrive\Desktop\BlinkBite\backend\FoodDeliveryyy\FoodDeliveryyy\FoodDeliveryyy.csproj]
C:\Program Files\dotnet\sdk\10.0.201\Microsoft.Common.CurrentVersion.targets(5395,5): warning MSB3026: Could not copy "C:\Users\erzaq\OneDrive\Desktop\BlinkBite\backend\FoodDeliveryyy\FoodDeliveryyy\obj\Debug\net10.0\apphost.exe" to "bin\Debug\net10.0\FoodDeliveryyy.exe". Beginning retry 9 in 1000ms. The process cannot access the file 'C:\Users\erzaq\OneDrive\Desktop\BlinkBite\backend\FoodDeliveryyy\FoodDeliveryyy\bin\Debug\net10.0\FoodDeliveryyy.exe' because it is being used by another process. The file is locked by: "FoodDeliveryyy (44224)" [C:\Users\erzaq\OneDrive\Desktop\BlinkBite\backend\FoodDeliveryyy\FoodDeliveryyy\FoodDeliveryyy.csproj]
C:\Program Files\dotnet\sdk\10.0.201\Microsoft.Common.CurrentVersion.targets(5395,5): warning MSB3026: Could not copy "C:\Users\erzaq\OneDrive\Desktop\BlinkBite\backend\FoodDeliveryyy\FoodDeliveryyy\obj\Debug\net10.0\apphost.exe" to "bin\Debug\net10.0\FoodDeliveryyy.exe". Beginning retry 10 in 1000ms. The process cannot access the file 'C:\Users\erzaq\OneDrive\Desktop\BlinkBite\backend\FoodDeliveryyy\FoodDeliveryyy\bin\Debug\net10.0\FoodDeliveryyy.exe' because it is being used by another process. The file is locked by: "FoodDeliveryyy (44224)" [C:\Users\erzaq\OneDrive\Desktop\BlinkBite\backend\FoodDeliveryyy\FoodDeliveryyy\FoodDeliveryyy.csproj]
C:\Program Files\dotnet\sdk\10.0.201\Microsoft.Common.CurrentVersion.targets(5395,5): error MSB3027: Could not copy "C:\Users\erzaq\OneDrive\Desktop\BlinkBite\backend\FoodDeliveryyy\FoodDeliveryyy\obj\Debug\net10.0\apphost.exe" to "bin\Debug\net10.0\FoodDeliveryyy.exe". Exceeded retry count of 10. Failed. The file is locked by: "FoodDeliveryyy (44224)" [C:\Users\erzaq\OneDrive\Desktop\BlinkBite\backend\FoodDeliveryyy\FoodDeliveryyy\FoodDeliveryyy.csproj]
C:\Program Files\dotnet\sdk\10.0.201\Microsoft.Common.CurrentVersion.targets(5395,5): error MSB3021: Unable to copy file "C:\Users\erzaq\OneDrive\Desktop\BlinkBite\backend\FoodDeliveryyy\FoodDeliveryyy\obj\Debug\net10.0\apphost.exe" to "bin\Debug\net10.0\FoodDeliveryyy.exe". The process cannot access the file 'C:\Users\erzaq\OneDrive\Desktop\BlinkBite\backend\FoodDeliveryyy\FoodDeliveryyy\bin\Debug\net10.0\FoodDeliveryyy.exe' because it is being used by another process. [C:\Users\erzaq\OneDrive\Desktop\BlinkBite\backend\FoodDeliveryyy\FoodDeliveryyy\FoodDeliveryyy.csproj]

Build FAILED.

C:\Users\erzaq\OneDrive\Desktop\BlinkBite\backend\FoodDeliveryyy\FoodDeliveryyy\FoodDeliveryyy.csproj : warning NU1510: PackageReference Microsoft.Extensions.Http will not be pruned. Consider removing this package from your dependencies, as it is likely unnecessary.
C:\Users\erzaq\OneDrive\Desktop\BlinkBite\backend\FoodDeliveryyy\FoodDeliveryyy\FoodDeliveryyy.csproj : warning NU1510: PackageReference Microsoft.AspNetCore.SignalR will not be pruned. Consider removing this package from your dependencies, as it is likely unnecessary.
C:\Users\erzaq\OneDrive\Desktop\BlinkBite\backend\FoodDeliveryyy\FoodDeliveryyy\FoodDeliveryyy.csproj : warning NU1510: PackageReference System.Text.Json will not be pruned. Consider removing this package from your dependencies, as it is likely unnecessary.
C:\Users\erzaq\OneDrive\Desktop\BlinkBite\backend\FoodDeliveryyy\FoodDeliveryyy\FoodDeliveryyy.csproj : warning NU1608: Detected package version outside of dependency constraint: AutoMapper.Extensions.Microsoft.DependencyInjection 12.0.1 requires AutoMapper (= 12.0.1) but version AutoMapper 16.1.1 was resolved.
C:\Users\erzaq\OneDrive\Desktop\BlinkBite\backend\FoodDeliveryyy\FoodDeliveryyy\FoodDeliveryyy.csproj : warning NU1510: PackageReference Microsoft.AspNetCore.SignalR will not be pruned. Consider removing this package from your dependencies, as it is likely unnecessary.
C:\Users\erzaq\OneDrive\Desktop\BlinkBite\backend\FoodDeliveryyy\FoodDeliveryyy\FoodDeliveryyy.csproj : warning NU1510: PackageReference Microsoft.Extensions.Http will not be pruned. Consider removing this package from your dependencies, as it is likely unnecessary.
C:\Users\erzaq\OneDrive\Desktop\BlinkBite\backend\FoodDeliveryyy\FoodDeliveryyy\FoodDeliveryyy.csproj : warning NU1510: PackageReference System.Text.Json will not be pruned. Consider removing this package from your dependencies, as it is likely unnecessary.
C:\Users\erzaq\OneDrive\Desktop\BlinkBite\backend\FoodDeliveryyy\FoodDeliveryyy\FoodDeliveryyy.csproj : warning NU1608: Detected package version outside of dependency constraint: AutoMapper.Extensions.Microsoft.DependencyInjection 12.0.1 requires AutoMapper (= 12.0.1) but version AutoMapper 16.1.1 was resolved.
C:\Program Files\dotnet\sdk\10.0.201\Microsoft.Common.CurrentVersion.targets(5395,5): warning MSB3026: Could not copy "C:\Users\erzaq\OneDrive\Desktop\BlinkBite\backend\FoodDeliveryyy\FoodDeliveryyy\obj\Debug\net10.0\apphost.exe" to "bin\Debug\net10.0\FoodDeliveryyy.exe". Beginning retry 1 in 1000ms. The process cannot access the file 'C:\Users\erzaq\OneDrive\Desktop\BlinkBite\backend\FoodDeliveryyy\FoodDeliveryyy\bin\Debug\net10.0\FoodDeliveryyy.exe' because it is being used by another process. The file is locked by: "FoodDeliveryyy (44224)" [C:\Users\erzaq\OneDrive\Desktop\BlinkBite\backend\FoodDeliveryyy\FoodDeliveryyy\FoodDeliveryyy.csproj]
C:\Program Files\dotnet\sdk\10.0.201\Microsoft.Common.CurrentVersion.targets(5395,5): warning MSB3026: Could not copy "C:\Users\erzaq\OneDrive\Desktop\BlinkBite\backend\FoodDeliveryyy\FoodDeliveryyy\obj\Debug\net10.0\apphost.exe" to "bin\Debug\net10.0\FoodDeliveryyy.exe". Beginning retry 2 in 1000ms. The process cannot access the file 'C:\Users\erzaq\OneDrive\Desktop\BlinkBite\backend\FoodDeliveryyy\FoodDeliveryyy\bin\Debug\net10.0\FoodDeliveryyy.exe' because it is being used by another process. The file is locked by: "FoodDeliveryyy (44224)" [C:\Users\erzaq\OneDrive\Desktop\BlinkBite\backend\FoodDeliveryyy\FoodDeliveryyy\FoodDeliveryyy.csproj]
C:\Program Files\dotnet\sdk\10.0.201\Microsoft.Common.CurrentVersion.targets(5395,5): warning MSB3026: Could not copy "C:\Users\erzaq\OneDrive\Desktop\BlinkBite\backend\FoodDeliveryyy\FoodDeliveryyy\obj\Debug\net10.0\apphost.exe" to "bin\Debug\net10.0\FoodDeliveryyy.exe". Beginning retry 3 in 1000ms. The process cannot access the file 'C:\Users\erzaq\OneDrive\Desktop\BlinkBite\backend\FoodDeliveryyy\FoodDeliveryyy\bin\Debug\net10.0\FoodDeliveryyy.exe' because it is being used by another process. The file is locked by: "FoodDeliveryyy (44224)" [C:\Users\erzaq\OneDrive\Desktop\BlinkBite\backend\FoodDeliveryyy\FoodDeliveryyy\FoodDeliveryyy.csproj]
C:\Program Files\dotnet\sdk\10.0.201\Microsoft.Common.CurrentVersion.targets(5395,5): warning MSB3026: Could not copy "C:\Users\erzaq\OneDrive\Desktop\BlinkBite\backend\FoodDeliveryyy\FoodDeliveryyy\obj\Debug\net10.0\apphost.exe" to "bin\Debug\net10.0\FoodDeliveryyy.exe". Beginning retry 4 in 1000ms. The process cannot access the file 'C:\Users\erzaq\OneDrive\Desktop\BlinkBite\backend\FoodDeliveryyy\FoodDeliveryyy\bin\Debug\net10.0\FoodDeliveryyy.exe' because it is being used by another process. The file is locked by: "FoodDeliveryyy (44224)" [C:\Users\erzaq\OneDrive\Desktop\BlinkBite\backend\FoodDeliveryyy\FoodDeliveryyy\FoodDeliveryyy.csproj]
C:\Program Files\dotnet\sdk\10.0.201\Microsoft.Common.CurrentVersion.targets(5395,5): warning MSB3026: Could not copy "C:\Users\erzaq\OneDrive\Desktop\BlinkBite\backend\FoodDeliveryyy\FoodDeliveryyy\obj\Debug\net10.0\apphost.exe" to "bin\Debug\net10.0\FoodDeliveryyy.exe". Beginning retry 5 in 1000ms. The process cannot access the file 'C:\Users\erzaq\OneDrive\Desktop\BlinkBite\backend\FoodDeliveryyy\FoodDeliveryyy\bin\Debug\net10.0\FoodDeliveryyy.exe' because it is being used by another process. The file is locked by: "FoodDeliveryyy (44224)" [C:\Users\erzaq\OneDrive\Desktop\BlinkBite\backend\FoodDeliveryyy\FoodDeliveryyy\FoodDeliveryyy.csproj]
C:\Program Files\dotnet\sdk\10.0.201\Microsoft.Common.CurrentVersion.targets(5395,5): warning MSB3026: Could not copy "C:\Users\erzaq\OneDrive\Desktop\BlinkBite\backend\FoodDeliveryyy\FoodDeliveryyy\obj\Debug\net10.0\apphost.exe" to "bin\Debug\net10.0\FoodDeliveryyy.exe". Beginning retry 6 in 1000ms. The process cannot access the file 'C:\Users\erzaq\OneDrive\Desktop\BlinkBite\backend\FoodDeliveryyy\FoodDeliveryyy\bin\Debug\net10.0\FoodDeliveryyy.exe' because it is being used by another process. The file is locked by: "FoodDeliveryyy (44224)" [C:\Users\erzaq\OneDrive\Desktop\BlinkBite\backend\FoodDeliveryyy\FoodDeliveryyy\FoodDeliveryyy.csproj]
C:\Program Files\dotnet\sdk\10.0.201\Microsoft.Common.CurrentVersion.targets(5395,5): warning MSB3026: Could not copy "C:\Users\erzaq\OneDrive\Desktop\BlinkBite\backend\FoodDeliveryyy\FoodDeliveryyy\obj\Debug\net10.0\apphost.exe" to "bin\Debug\net10.0\FoodDeliveryyy.exe". Beginning retry 7 in 1000ms. The process cannot access the file 'C:\Users\erzaq\OneDrive\Desktop\BlinkBite\backend\FoodDeliveryyy\FoodDeliveryyy\bin\Debug\net10.0\FoodDeliveryyy.exe' because it is being used by another process. The file is locked by: "FoodDeliveryyy (44224)" [C:\Users\erzaq\OneDrive\Desktop\BlinkBite\backend\FoodDeliveryyy\FoodDeliveryyy\FoodDeliveryyy.csproj]
C:\Program Files\dotnet\sdk\10.0.201\Microsoft.Common.CurrentVersion.targets(5395,5): warning MSB3026: Could not copy "C:\Users\erzaq\OneDrive\Desktop\BlinkBite\backend\FoodDeliveryyy\FoodDeliveryyy\obj\Debug\net10.0\apphost.exe" to "bin\Debug\net10.0\FoodDeliveryyy.exe". Beginning retry 8 in 1000ms. The process cannot access the file 'C:\Users\erzaq\OneDrive\Desktop\BlinkBite\backend\FoodDeliveryyy\FoodDeliveryyy\bin\Debug\net10.0\FoodDeliveryyy.exe' because it is being used by another process. The file is locked by: "FoodDeliveryyy (44224)" [C:\Users\erzaq\OneDrive\Desktop\BlinkBite\backend\FoodDeliveryyy\FoodDeliveryyy\FoodDeliveryyy.csproj]
C:\Program Files\dotnet\sdk\10.0.201\Microsoft.Common.CurrentVersion.targets(5395,5): warning MSB3026: Could not copy "C:\Users\erzaq\OneDrive\Desktop\BlinkBite\backend\FoodDeliveryyy\FoodDeliveryyy\obj\Debug\net10.0\apphost.exe" to "bin\Debug\net10.0\FoodDeliveryyy.exe". Beginning retry 9 in 1000ms. The process cannot access the file 'C:\Users\erzaq\OneDrive\Desktop\BlinkBite\backend\FoodDeliveryyy\FoodDeliveryyy\bin\Debug\net10.0\FoodDeliveryyy.exe' because it is being used by another process. The file is locked by: "FoodDeliveryyy (44224)" [C:\Users\erzaq\OneDrive\Desktop\BlinkBite\backend\FoodDeliveryyy\FoodDeliveryyy\FoodDeliveryyy.csproj]
C:\Program Files\dotnet\sdk\10.0.201\Microsoft.Common.CurrentVersion.targets(5395,5): warning MSB3026: Could not copy "C:\Users\erzaq\OneDrive\Desktop\BlinkBite\backend\FoodDeliveryyy\FoodDeliveryyy\obj\Debug\net10.0\apphost.exe" to "bin\Debug\net10.0\FoodDeliveryyy.exe". Beginning retry 10 in 1000ms. The process cannot access the file 'C:\Users\erzaq\OneDrive\Desktop\BlinkBite\backend\FoodDeliveryyy\FoodDeliveryyy\bin\Debug\net10.0\FoodDeliveryyy.exe' because it is being used by another process. The file is locked by: "FoodDeliveryyy (44224)" [C:\Users\erzaq\OneDrive\Desktop\BlinkBite\backend\FoodDeliveryyy\FoodDeliveryyy\FoodDeliveryyy.csproj]
C:\Program Files\dotnet\sdk\10.0.201\Microsoft.Common.CurrentVersion.targets(5395,5): error MSB3027: Could not copy "C:\Users\erzaq\OneDrive\Desktop\BlinkBite\backend\FoodDeliveryyy\FoodDeliveryyy\obj\Debug\net10.0\apphost.exe" to "bin\Debug\net10.0\FoodDeliveryyy.exe". Exceeded retry count of 10. Failed. The file is locked by: "FoodDeliveryyy (44224)" [C:\Users\erzaq\OneDrive\Desktop\BlinkBite\backend\FoodDeliveryyy\FoodDeliveryyy\FoodDeliveryyy.csproj]
C:\Program Files\dotnet\sdk\10.0.201\Microsoft.Common.CurrentVersion.targets(5395,5): error MSB3021: Unable to copy file "C:\Users\erzaq\OneDrive\Desktop\BlinkBite\backend\FoodDeliveryyy\FoodDeliveryyy\obj\Debug\net10.0\apphost.exe" to "bin\Debug\net10.0\FoodDeliveryyy.exe". The process cannot access the file 'C:\Users\erzaq\OneDrive\Desktop\BlinkBite\backend\FoodDeliveryyy\FoodDeliveryyy\bin\Debug\net10.0\FoodDeliveryyy.exe' because it is being used by another process. [C:\Users\erzaq\OneDrive\Desktop\BlinkBite\backend\FoodDeliveryyy\FoodDeliveryyy\FoodDeliveryyy.csproj]
    18 Warning(s)
    2 Error(s)

Time Elapsed 00:00:14.49
